Archive member included to satisfy reference by file (symbol)

/home/max/WCH/MounRiver_Studio_Community_Linux_x64_V180/MRS_Community/toolchain/RISC-V Embedded GCC/bin/../lib/gcc/riscv-none-embed/8.2.0/rv32ec/ilp32e/libgcc.a(save-restore.o)
                              ./User/ULWOS2.o (__riscv_save_2)
/home/max/WCH/MounRiver_Studio_Community_Linux_x64_V180/MRS_Community/toolchain/RISC-V Embedded GCC/bin/../lib/gcc/riscv-none-embed/8.2.0/rv32ec/ilp32e/libgcc.a(muldi3.o)
                              ./User/oled_display.o (__mulsi3)
/home/max/WCH/MounRiver_Studio_Community_Linux_x64_V180/MRS_Community/toolchain/RISC-V Embedded GCC/bin/../lib/gcc/riscv-none-embed/8.2.0/rv32ec/ilp32e/libgcc.a(div.o)
                              ./Peripheral/src/ch32v00x_usart.o (__divsi3)
/home/max/WCH/MounRiver_Studio_Community_Linux_x64_V180/MRS_Community/toolchain/RISC-V Embedded GCC/bin/../lib/gcc/riscv-none-embed/8.2.0/../../../../riscv-none-embed/lib/rv32ec/ilp32e/libg_nano.a(lib_a-sprintf.o)
                              ./User/main.o (sprintf)
/home/max/WCH/MounRiver_Studio_Community_Linux_x64_V180/MRS_Community/toolchain/RISC-V Embedded GCC/bin/../lib/gcc/riscv-none-embed/8.2.0/../../../../riscv-none-embed/lib/rv32ec/ilp32e/libg_nano.a(lib_a-strcpy.o)
                              ./User/main.o (strcpy)
/home/max/WCH/MounRiver_Studio_Community_Linux_x64_V180/MRS_Community/toolchain/RISC-V Embedded GCC/bin/../lib/gcc/riscv-none-embed/8.2.0/../../../../riscv-none-embed/lib/rv32ec/ilp32e/libg_nano.a(lib_a-impure.o)
                              /home/max/WCH/MounRiver_Studio_Community_Linux_x64_V180/MRS_Community/toolchain/RISC-V Embedded GCC/bin/../lib/gcc/riscv-none-embed/8.2.0/../../../../riscv-none-embed/lib/rv32ec/ilp32e/libg_nano.a(lib_a-sprintf.o) (_impure_ptr)
/home/max/WCH/MounRiver_Studio_Community_Linux_x64_V180/MRS_Community/toolchain/RISC-V Embedded GCC/bin/../lib/gcc/riscv-none-embed/8.2.0/../../../../riscv-none-embed/lib/rv32ec/ilp32e/libg_nano.a(lib_a-nano-svfprintf.o)
                              /home/max/WCH/MounRiver_Studio_Community_Linux_x64_V180/MRS_Community/toolchain/RISC-V Embedded GCC/bin/../lib/gcc/riscv-none-embed/8.2.0/../../../../riscv-none-embed/lib/rv32ec/ilp32e/libg_nano.a(lib_a-sprintf.o) (_svfprintf_r)
/home/max/WCH/MounRiver_Studio_Community_Linux_x64_V180/MRS_Community/toolchain/RISC-V Embedded GCC/bin/../lib/gcc/riscv-none-embed/8.2.0/../../../../riscv-none-embed/lib/rv32ec/ilp32e/libg_nano.a(lib_a-nano-vfprintf_i.o)
                              /home/max/WCH/MounRiver_Studio_Community_Linux_x64_V180/MRS_Community/toolchain/RISC-V Embedded GCC/bin/../lib/gcc/riscv-none-embed/8.2.0/../../../../riscv-none-embed/lib/rv32ec/ilp32e/libg_nano.a(lib_a-nano-svfprintf.o) (_printf_i)
/home/max/WCH/MounRiver_Studio_Community_Linux_x64_V180/MRS_Community/toolchain/RISC-V Embedded GCC/bin/../lib/gcc/riscv-none-embed/8.2.0/../../../../riscv-none-embed/lib/rv32ec/ilp32e/libg_nano.a(lib_a-memchr.o)
                              /home/max/WCH/MounRiver_Studio_Community_Linux_x64_V180/MRS_Community/toolchain/RISC-V Embedded GCC/bin/../lib/gcc/riscv-none-embed/8.2.0/../../../../riscv-none-embed/lib/rv32ec/ilp32e/libg_nano.a(lib_a-nano-svfprintf.o) (memchr)
/home/max/WCH/MounRiver_Studio_Community_Linux_x64_V180/MRS_Community/toolchain/RISC-V Embedded GCC/bin/../lib/gcc/riscv-none-embed/8.2.0/../../../../riscv-none-embed/lib/rv32ec/ilp32e/libg_nano.a(lib_a-memcpy.o)
                              /home/max/WCH/MounRiver_Studio_Community_Linux_x64_V180/MRS_Community/toolchain/RISC-V Embedded GCC/bin/../lib/gcc/riscv-none-embed/8.2.0/../../../../riscv-none-embed/lib/rv32ec/ilp32e/libg_nano.a(lib_a-nano-svfprintf.o) (memcpy)
/home/max/WCH/MounRiver_Studio_Community_Linux_x64_V180/MRS_Community/toolchain/RISC-V Embedded GCC/bin/../lib/gcc/riscv-none-embed/8.2.0/../../../../riscv-none-embed/lib/rv32ec/ilp32e/libg_nano.a(lib_a-memmove.o)
                              /home/max/WCH/MounRiver_Studio_Community_Linux_x64_V180/MRS_Community/toolchain/RISC-V Embedded GCC/bin/../lib/gcc/riscv-none-embed/8.2.0/../../../../riscv-none-embed/lib/rv32ec/ilp32e/libg_nano.a(lib_a-nano-svfprintf.o) (memmove)
/home/max/WCH/MounRiver_Studio_Community_Linux_x64_V180/MRS_Community/toolchain/RISC-V Embedded GCC/bin/../lib/gcc/riscv-none-embed/8.2.0/../../../../riscv-none-embed/lib/rv32ec/ilp32e/libg_nano.a(lib_a-nano-freer.o)
                              /home/max/WCH/MounRiver_Studio_Community_Linux_x64_V180/MRS_Community/toolchain/RISC-V Embedded GCC/bin/../lib/gcc/riscv-none-embed/8.2.0/../../../../riscv-none-embed/lib/rv32ec/ilp32e/libg_nano.a(lib_a-nano-svfprintf.o) (_free_r)
/home/max/WCH/MounRiver_Studio_Community_Linux_x64_V180/MRS_Community/toolchain/RISC-V Embedded GCC/bin/../lib/gcc/riscv-none-embed/8.2.0/../../../../riscv-none-embed/lib/rv32ec/ilp32e/libg_nano.a(lib_a-nano-mallocr.o)
[...]
Memory Configuration

Name             Origin             Length             Attributes
FLASH            0x0000000000000000 0x0000000000004000 xr
RAM              0x0000000020000000 0x0000000000000800 xrw
*default*        0x0000000000000000 0xffffffffffffffff

Linker script and memory map

LOAD ./User/ULWOS2.o
LOAD ./User/ULWOS2_HAL.o
LOAD ./User/ch32v00x_it.o
LOAD ./User/fonts.o
LOAD ./User/main.o
LOAD ./User/oled_display.o
LOAD ./User/system_ch32v00x.o
LOAD ./Startup/startup_ch32v00x.o
LOAD ./Peripheral/src/ch32v00x_adc.o
LOAD ./Peripheral/src/ch32v00x_dbgmcu.o
LOAD ./Peripheral/src/ch32v00x_dma.o
LOAD ./Peripheral/src/ch32v00x_exti.o
LOAD ./Peripheral/src/ch32v00x_flash.o
LOAD ./Peripheral/src/ch32v00x_gpio.o
LOAD ./Peripheral/src/ch32v00x_i2c.o
LOAD ./Peripheral/src/ch32v00x_iwdg.o
LOAD ./Peripheral/src/ch32v00x_misc.o
LOAD ./Peripheral/src/ch32v00x_opa.o
LOAD ./Peripheral/src/ch32v00x_pwr.o
LOAD ./Peripheral/src/ch32v00x_rcc.o
LOAD ./Peripheral/src/ch32v00x_spi.o
LOAD ./Peripheral/src/ch32v00x_tim.o
LOAD ./Peripheral/src/ch32v00x_usart.o
LOAD ./Peripheral/src/ch32v00x_wwdg.o
LOAD ./Debug/debug.o
LOAD ./Core/core_riscv.o
LOAD /home/max/WCH/MounRiver_Studio_Community_Linux_x64_V180/MRS_Community/toolchain/RISC-V Embedded GCC/bin/../lib/gcc/riscv-none-embed/8.2.0/rv32ec/ilp32e/libgcc.a
LOAD /home/max/WCH/MounRiver_Studio_Community_Linux_x64_V180/MRS_Community/toolchain/RISC-V Embedded GCC/bin/../lib/gcc/riscv-none-embed/8.2.0/../../../../riscv-none-embed/lib/rv32ec/ilp32e/libg_nano.a
LOAD /home/max/WCH/MounRiver_Studio_Community_Linux_x64_V180/MRS_Community/toolchain/RISC-V Embedded GCC/bin/../lib/gcc/riscv-none-embed/8.2.0/../../../../riscv-none-embed/lib/rv32ec/ilp32e/libc_nano.a
LOAD /home/max/WCH/MounRiver_Studio_Community_Linux_x64_V180/MRS_Community/toolchain/RISC-V Embedded GCC/bin/../lib/gcc/riscv-none-embed/8.2.0/rv32ec/ilp32e/libgcc.a
START GROUP
LOAD /home/max/WCH/MounRiver_Studio_Community_Linux_x64_V180/MRS_Community/toolchain/RISC-V Embedded GCC/bin/../lib/gcc/riscv-none-embed/8.2.0/rv32ec/ilp32e/libgcc.a
LOAD /home/max/WCH/MounRiver_Studio_Community_Linux_x64_V180/MRS_Community/toolchain/RISC-V Embedded GCC/bin/../lib/gcc/riscv-none-embed/8.2.0/../../../../riscv-none-embed/lib/rv32ec/ilp32e/libc_nano.a
LOAD /home/max/WCH/MounRiver_Studio_Community_Linux_x64_V180/MRS_Community/toolchain/RISC-V Embedded GCC/bin/../lib/gcc/riscv-none-embed/8.2.0/../../../../riscv-none-embed/lib/rv32ec/ilp32e/libnosys.a
END GROUP
START GROUP
LOAD /home/max/WCH/MounRiver_Studio_Community_Linux_x64_V180/MRS_Community/toolchain/RISC-V Embedded GCC/bin/../lib/gcc/riscv-none-embed/8.2.0/rv32ec/ilp32e/libgcc.a
LOAD /home/max/WCH/MounRiver_Studio_Community_Linux_x64_V180/MRS_Community/toolchain/RISC-V Embedded GCC/bin/../lib/gcc/riscv-none-embed/8.2.0/../../../../riscv-none-embed/lib/rv32ec/ilp32e/libc_nano.a
LOAD /home/max/WCH/MounRiver_Studio_Community_Linux_x64_V180/MRS_Community/toolchain/RISC-V Embedded GCC/bin/../lib/gcc/riscv-none-embed/8.2.0/../../../../riscv-none-embed/lib/rv32ec/ilp32e/libnosys.a
END GROUP
                0x0000000000000100                __stack_size = 0x100
                [!provide]                        PROVIDE (_stack_size = __stack_size)

.init           0x0000000000000000       0xa0
                0x0000000000000000                _sinit = .
                0x0000000000000000                . = ALIGN (0x4)
 *(SORT_NONE(.init))
 .init          0x0000000000000000       0x9e ./Startup/startup_ch32v00x.o
                0x0000000000000000                _start
                0x00000000000000a0                . = ALIGN (0x4)
 *fill*         0x000000000000009e        0x2 
                0x00000000000000a0                _einit = .

.text           0x00000000000000a0     0x29ec
                0x00000000000000a0                . = ALIGN (0x4)
 *(.text)
 .text          0x00000000000000a0       0x14 /home/max/WCH/MounRiver_Studio_Community_Linux_x64_V180/MRS_Community/toolchain/RISC-V Embedded GCC/bin/../lib/gcc/riscv-none-embed/8.2.0/rv32ec/ilp32e/libgcc.a(save-restore.o)
                0x00000000000000a0                __riscv_save_1
                0x00000000000000a0                __riscv_save_2
                0x00000000000000a0                __riscv_save_0
                0x00000000000000aa                __riscv_restore_2
                0x00000000000000aa                __riscv_restore_0
                0x00000000000000aa                __riscv_restore_1
 .text          0x00000000000000b4       0x16 /home/max/WCH/MounRiver_Studio_Community_Linux_x64_V180/MRS_Community/toolchain/RISC-V Embedded GCC/bin/../lib/gcc/riscv-none-embed/8.2.0/rv32ec/ilp32e/libgcc.a(muldi3.o)
                0x00000000000000b4                __mulsi3
 *fill*         0x00000000000000ca        0x2 
 .text          0x00000000000000cc       0x7e /home/max/WCH/MounRiver_Studio_Community_Linux_x64_V180/MRS_Community/toolchain/RISC-V Embedded GCC/bin/../lib/gcc/riscv-none-embed/8.2.0/rv32ec/ilp32e/libgcc.a(div.o)
                0x00000000000000cc                __divsi3
                0x00000000000000d4                __udivsi3
                0x0000000000000100                __umodsi3
                0x0000000000000124                __modsi3
 *(.text.*)
 .text.ULWOS2_setThreadTimerMs
                0x000000000000014a       0x2e ./User/ULWOS2.o
                0x000000000000014a                ULWOS2_setThreadTimerMs
 .text.ULWOS2_waitForSignal
                0x0000000000000178       0x16 ./User/ULWOS2.o
                0x0000000000000178                ULWOS2_waitForSignal
 .text.ULWOS2_sendSignal
                0x000000000000018e       0x40 ./User/ULWOS2.o
                0x000000000000018e                ULWOS2_sendSignal
 .text.ULWOS2_init
                0x00000000000001ce        0x6 ./User/ULWOS2.o
                0x00000000000001ce                ULWOS2_init
 .text.ULWOS2_createThread
                0x00000000000001d4       0x4c ./User/ULWOS2.o
                0x00000000000001d4                ULWOS2_createThread
 .text.ULWOS2_startScheduler
                0x0000000000000220       0xe6 ./User/ULWOS2.o
                0x0000000000000220                ULWOS2_startScheduler
 .text.ULWOS2_getMilliseconds
                0x0000000000000306        0xa ./User/ULWOS2_HAL.o
                0x0000000000000306                ULWOS2_getMilliseconds
 .text.NMI_Handler
                0x0000000000000310        0x2 ./User/ch32v00x_it.o
                0x0000000000000310                NMI_Handler
 .text.HardFault_Handler
                0x0000000000000312        0x2 ./User/ch32v00x_it.o
                0x0000000000000312                HardFault_Handler
 .text.SysTick_Handler
                0x0000000000000314       0x16 ./User/ch32v00x_it.o
                0x0000000000000314                SysTick_Handler
 .text.Timer_thread
                0x000000000000032a       0x42 ./User/main.o
                0x000000000000032a                Timer_thread
 .text.Display_thread
                0x000000000000036c      0x17c ./User/main.o
                0x000000000000036c                Display_thread
 .text.ledBlinker_thread1
                0x00000000000004e8       0x5a ./User/main.o
                0x00000000000004e8                ledBlinker_thread1
 .text.button1Checker_thread
                0x0000000000000542      0x122 ./User/main.o
                0x0000000000000542                button1Checker_thread
 .text.button2Checker_thread
                0x0000000000000664      0x23c ./User/main.o
                0x0000000000000664                button2Checker_thread
 .text.I2C_User_Init
                0x00000000000008a0       0xa0 ./User/main.o
                0x00000000000008a0                I2C_User_Init
 .text.GPIO_SwButton_INIT
                0x0000000000000940       0x36 ./User/main.o
                0x0000000000000940                GPIO_SwButton_INIT
 .text.GPIO_Toggle_INIT
                0x0000000000000976       0x38 ./User/main.o
                0x0000000000000976                GPIO_Toggle_INIT
 .text.startup.main
                0x00000000000009ae       0x82 ./User/main.o
                0x00000000000009ae                main
 .text.ssd1306_WriteCommand
                0x0000000000000a30       0xbe ./User/oled_display.o
                0x0000000000000a30                ssd1306_WriteCommand
 .text.ssd1306_WriteData
                0x0000000000000aee       0xdc ./User/oled_display.o
                0x0000000000000aee                ssd1306_WriteData
 .text.ssd1306_Fill
                0x0000000000000bca       0x22 ./User/oled_display.o
                0x0000000000000bca                ssd1306_Fill
 .text.ssd1306_UpdateScreen
                0x0000000000000bec       0x36 ./User/oled_display.o
                0x0000000000000bec                ssd1306_UpdateScreen
 .text.ssd1306_DrawPixel
                0x0000000000000c22       0x42 ./User/oled_display.o
                0x0000000000000c22                ssd1306_DrawPixel
 .text.ssd1306_WriteChar
                0x0000000000000c64      0x110 ./User/oled_display.o
                0x0000000000000c64                ssd1306_WriteChar
 .text.ssd1306_WriteString
                0x0000000000000d74       0x32 ./User/oled_display.o
                0x0000000000000d74                ssd1306_WriteString
 .text.ssd1306_SetCursor
                0x0000000000000da6        0xe ./User/oled_display.o
                0x0000000000000da6                ssd1306_SetCursor
 .text.ssd1306_GetCurrentX
                0x0000000000000db4        0x6 ./User/oled_display.o
                0x0000000000000db4                ssd1306_GetCurrentX
 .text.ssd1306_SetContrast
                0x0000000000000dba       0x14 ./User/oled_display.o
                0x0000000000000dba                ssd1306_SetContrast
 .text.ssd1306_SetDisplayOn
                0x0000000000000dce       0x1e ./User/oled_display.o
                0x0000000000000dce                ssd1306_SetDisplayOn
 .text.ssd1306_Init
                0x0000000000000dec       0xc8 ./User/oled_display.o
                0x0000000000000dec                ssd1306_Init
 .text.SystemInit
                0x0000000000000eb4      0x134 ./User/system_ch32v00x.o
                0x0000000000000eb4                SystemInit
 .text.SystemCoreClockUpdate
                0x0000000000000fe8       0x6e ./User/system_ch32v00x.o
                0x0000000000000fe8                SystemCoreClockUpdate
 .text.vector_handler
                0x0000000000001056        0x2 ./Startup/startup_ch32v00x.o
                0x0000000000001056                TIM1_CC_IRQHandler
                0x0000000000001056                PVD_IRQHandler
                0x0000000000001056                SPI1_IRQHandler
                0x0000000000001056                AWU_IRQHandler
                0x0000000000001056                EXTI7_0_IRQHandler
                0x0000000000001056                DMA1_Channel4_IRQHandler
                0x0000000000001056                ADC1_IRQHandler
                0x0000000000001056                DMA1_Channel7_IRQHandler
                0x0000000000001056                I2C1_EV_IRQHandler
                0x0000000000001056                DMA1_Channel6_IRQHandler
                0x0000000000001056                RCC_IRQHandler
                0x0000000000001056                TIM1_TRG_COM_IRQHandler
                0x0000000000001056                DMA1_Channel1_IRQHandler
                0x0000000000001056                DMA1_Channel5_IRQHandler
                0x0000000000001056                DMA1_Channel3_IRQHandler
                0x0000000000001056                TIM1_UP_IRQHandler
                0x0000000000001056                WWDG_IRQHandler
                0x0000000000001056                TIM2_IRQHandler
                0x0000000000001056                SW_Handler
                0x0000000000001056                TIM1_BRK_IRQHandler
                0x0000000000001056                DMA1_Channel2_IRQHandler
                0x0000000000001056                FLASH_IRQHandler
                0x0000000000001056                USART1_IRQHandler
                0x0000000000001056                I2C1_ER_IRQHandler
 .text.handle_reset
                0x0000000000001058       0x80 ./Startup/startup_ch32v00x.o
                0x0000000000001058                handle_reset
 .text.FLASH_Unlock_Fast
                0x00000000000010d8       0x1e ./Peripheral/src/ch32v00x_flash.o
                0x00000000000010d8                FLASH_Unlock_Fast
 .text.FLASH_Lock_Fast
                0x00000000000010f6        0xe ./Peripheral/src/ch32v00x_flash.o
                0x00000000000010f6                FLASH_Lock_Fast
 .text.FLASH_BufLoad
                0x0000000000001104       0x36 ./Peripheral/src/ch32v00x_flash.o
                0x0000000000001104                FLASH_BufLoad
 .text.FLASH_ErasePage_Fast
                0x000000000000113a       0x36 ./Peripheral/src/ch32v00x_flash.o
                0x000000000000113a                FLASH_ErasePage_Fast
 .text.FLASH_ProgramPage_Fast
                0x0000000000001170       0x34 ./Peripheral/src/ch32v00x_flash.o
                0x0000000000001170                FLASH_ProgramPage_Fast
 .text.GPIO_Init
                0x00000000000011a4       0x7c ./Peripheral/src/ch32v00x_gpio.o
                0x00000000000011a4                GPIO_Init
 .text.GPIO_ReadInputDataBit
                0x0000000000001220        0xa ./Peripheral/src/ch32v00x_gpio.o
                0x0000000000001220                GPIO_ReadInputDataBit
 .text.GPIO_WriteBit
                0x000000000000122a        0xa ./Peripheral/src/ch32v00x_gpio.o
                0x000000000000122a                GPIO_WriteBit
 .text.I2C_Init
                0x0000000000001234      0x100 ./Peripheral/src/ch32v00x_i2c.o
                0x0000000000001234                I2C_Init
 .text.I2C_Cmd  0x0000000000001334       0x1c ./Peripheral/src/ch32v00x_i2c.o
                0x0000000000001334                I2C_Cmd
 .text.I2C_GenerateSTART
                0x0000000000001350       0x1e ./Peripheral/src/ch32v00x_i2c.o
                0x0000000000001350                I2C_GenerateSTART
 .text.I2C_GenerateSTOP
                0x000000000000136e       0x1e ./Peripheral/src/ch32v00x_i2c.o
                0x000000000000136e                I2C_GenerateSTOP
 .text.I2C_AcknowledgeConfig
                0x000000000000138c       0x1e ./Peripheral/src/ch32v00x_i2c.o
                0x000000000000138c                I2C_AcknowledgeConfig
 .text.I2C_SendData
                0x00000000000013aa        0x6 ./Peripheral/src/ch32v00x_i2c.o
                0x00000000000013aa                I2C_SendData
 .text.I2C_Send7bitAddress
                0x00000000000013b0       0x14 ./Peripheral/src/ch32v00x_i2c.o
                0x00000000000013b0                I2C_Send7bitAddress
 .text.I2C_CheckEvent
                0x00000000000013c4       0x1a ./Peripheral/src/ch32v00x_i2c.o
                0x00000000000013c4                I2C_CheckEvent
 .text.I2C_GetFlagStatus
                0x00000000000013de       0x32 ./Peripheral/src/ch32v00x_i2c.o
                0x00000000000013de                I2C_GetFlagStatus
 .text.NVIC_PriorityGroupConfig
                0x0000000000001410        0x6 ./Peripheral/src/ch32v00x_misc.o
                0x0000000000001410                NVIC_PriorityGroupConfig
 .text.RCC_AdjustHSICalibrationValue
                0x0000000000001416       0x12 ./Peripheral/src/ch32v00x_rcc.o
                0x0000000000001416                RCC_AdjustHSICalibrationValue
 .text.RCC_GetClocksFreq
                0x0000000000001428       0xa6 ./Peripheral/src/ch32v00x_rcc.o
                0x0000000000001428                RCC_GetClocksFreq
 .text.RCC_APB2PeriphClockCmd
                0x00000000000014ce       0x1e ./Peripheral/src/ch32v00x_rcc.o
                0x00000000000014ce                RCC_APB2PeriphClockCmd
 .text.RCC_APB1PeriphClockCmd
                0x00000000000014ec       0x1e ./Peripheral/src/ch32v00x_rcc.o
                0x00000000000014ec                RCC_APB1PeriphClockCmd
 .text.get_millis
                0x000000000000150a        0x6 ./Debug/debug.o
                0x000000000000150a                get_millis
 .text.SysTick_INIT
                0x0000000000001510       0x34 ./Debug/debug.o
                0x0000000000001510                SysTick_INIT
 .text._sbrk    0x0000000000001544       0x26 ./Debug/debug.o
                0x0000000000001544                _sbrk
 .text.sprintf  0x000000000000156a       0x48 /home/max/WCH/MounRiver_Studio_Community_Linux_x64_V180/MRS_Community/toolchain/RISC-V Embedded GCC/bin/../lib/gcc/riscv-none-embed/8.2.0/../../../../riscv-none-embed/lib/rv32ec/ilp32e/libg_nano.a(lib_a-sprintf.o)
                0x000000000000156a                sprintf
                0x000000000000156a                siprintf
 .text.strcpy   0x00000000000015b2       0x12 /home/max/WCH/MounRiver_Studio_Community_Linux_x64_V180/MRS_Community/toolchain/RISC-V Embedded GCC/bin/../lib/gcc/riscv-none-embed/8.2.0/../../../../riscv-none-embed/lib/rv32ec/ilp32e/libg_nano.a(lib_a-strcpy.o)
                0x00000000000015b2                strcpy
 .text.__ssputs_r
                0x00000000000015c4       0xf8 /home/max/WCH/MounRiver_Studio_Community_Linux_x64_V180/MRS_Community/toolchain/RISC-V Embedded GCC/bin/../lib/gcc/riscv-none-embed/8.2.0/../../../../riscv-none-embed/lib/rv32ec/ilp32e/libg_nano.a(lib_a-nano-svfprintf.o)
                0x00000000000015c4                __ssputs_r
 .text._svfprintf_r
                0x00000000000016bc      0x28c /home/max/WCH/MounRiver_Studio_Community_Linux_x64_V180/MRS_Community/toolchain/RISC-V Embedded GCC/bin/../lib/gcc/riscv-none-embed/8.2.0/../../../../riscv-none-embed/lib/rv32ec/ilp32e/libg_nano.a(lib_a-nano-svfprintf.o)
                0x00000000000016bc                _svfprintf_r
                0x00000000000016bc                _svfiprintf_r
 .text._printf_common
                0x0000000000001948      0x12c /home/max/WCH/MounRiver_Studio_Community_Linux_x64_V180/MRS_Community/toolchain/RISC-V Embedded GCC/bin/../lib/gcc/riscv-none-embed/8.2.0/../../../../riscv-none-embed/lib/rv32ec/ilp32e/libg_nano.a(lib_a-nano-vfprintf_i.o)
                0x0000000000001948                _printf_common
 .text._printf_i
                0x0000000000001a74      0x2c4 /home/max/WCH/MounRiver_Studio_Community_Linux_x64_V180/MRS_Community/toolchain/RISC-V Embedded GCC/bin/../lib/gcc/riscv-none-embed/8.2.0/../../../../riscv-none-embed/lib/rv32ec/ilp32e/libg_nano.a(lib_a-nano-vfprintf_i.o)
                0x0000000000001a74                _printf_i
 .text.memchr   0x0000000000001d38       0x1a /home/max/WCH/MounRiver_Studio_Community_Linux_x64_V180/MRS_Community/toolchain/RISC-V Embedded GCC/bin/../lib/gcc/riscv-none-embed/8.2.0/../../../../riscv-none-embed/lib/rv32ec/ilp32e/libg_nano.a(lib_a-memchr.o)
                0x0000000000001d38                memchr
 .text.memcpy   0x0000000000001d52       0xd8 /home/max/WCH/MounRiver_Studio_Community_Linux_x64_V180/MRS_Community/toolchain/RISC-V Embedded GCC/bin/../lib/gcc/riscv-none-embed/8.2.0/../../../../riscv-none-embed/lib/rv32ec/ilp32e/libg_nano.a(lib_a-memcpy.o)
                0x0000000000001d52                memcpy
 .text.memmove  0x0000000000001e2a       0x4a /home/max/WCH/MounRiver_Studio_Community_Linux_x64_V180/MRS_Community/toolchain/RISC-V Embedded GCC/bin/../lib/gcc/riscv-none-embed/8.2.0/../../../../riscv-none-embed/lib/rv32ec/ilp32e/libg_nano.a(lib_a-memmove.o)
                0x0000000000001e2a                memmove
 .text._free_r  0x0000000000001e74       0xac /home/max/WCH/MounRiver_Studio_Community_Linux_x64_V180/MRS_Community/toolchain/RISC-V Embedded GCC/bin/../lib/gcc/riscv-none-embed/8.2.0/../../../../riscv-none-embed/lib/rv32ec/ilp32e/libg_nano.a(lib_a-nano-freer.o)
                0x0000000000001e74                _free_r
 .text._malloc_r
                0x0000000000001f20       0xd4 /home/max/WCH/MounRiver_Studio_Community_Linux_x64_V180/MRS_Community/toolchain/RISC-V Embedded GCC/bin/../lib/gcc/riscv-none-embed/8.2.0/../../../../riscv-none-embed/lib/rv32ec/ilp32e/libg_nano.a(lib_a-nano-mallocr.o)
                0x0000000000001f20                _malloc_r
 .text._realloc_r
                0x0000000000001ff4       0x50 /home/max/WCH/MounRiver_Studio_Community_Linux_x64_V180/MRS_Community/toolchain/RISC-V Embedded GCC/bin/../lib/gcc/riscv-none-embed/8.2.0/../../../../riscv-none-embed/lib/rv32ec/ilp32e/libg_nano.a(lib_a-nano-reallocr.o)
                0x0000000000001ff4                _realloc_r
 .text._sbrk_r  0x0000000000002044       0x2a /home/max/WCH/MounRiver_Studio_Community_Linux_x64_V180/MRS_Community/toolchain/RISC-V Embedded GCC/bin/../lib/gcc/riscv-none-embed/8.2.0/../../../../riscv-none-embed/lib/rv32ec/ilp32e/libg_nano.a(lib_a-sbrkr.o)
                0x0000000000002044                _sbrk_r
 .text.__malloc_lock
                0x000000000000206e        0x2 /home/max/WCH/MounRiver_Studio_Community_Linux_x64_V180/MRS_Community/toolchain/RISC-V Embedded GCC/bin/../lib/gcc/riscv-none-embed/8.2.0/../../../../riscv-none-embed/lib/rv32ec/ilp32e/libg_nano.a(lib_a-mlock.o)
                0x000000000000206e                __malloc_lock
 .text.__malloc_unlock
                0x0000000000002070        0x2 /home/max/WCH/MounRiver_Studio_Community_Linux_x64_V180/MRS_Community/toolchain/RISC-V Embedded GCC/bin/../lib/gcc/riscv-none-embed/8.2.0/../../../../riscv-none-embed/lib/rv32ec/ilp32e/libg_nano.a(lib_a-mlock.o)
                0x0000000000002070                __malloc_unlock
 .text._malloc_usable_size_r
                0x0000000000002072       0x14 /home/max/WCH/MounRiver_Studio_Community_Linux_x64_V180/MRS_Community/toolchain/RISC-V Embedded GCC/bin/../lib/gcc/riscv-none-embed/8.2.0/../../../../riscv-none-embed/lib/rv32ec/ilp32e/libg_nano.a(lib_a-nano-msizer.o)
                0x0000000000002072                _malloc_usable_size_r
 *(.rodata)
 *(.rodata*)
 *fill*         0x0000000000002086        0x2 
 .rodata.MicroSquare17x16
                0x0000000000002088      0x55a ./User/fonts.o
                0x0000000000002088                MicroSquare17x16
 *fill*         0x00000000000025e2        0x2 
 .rodata.MicroSquare27x32
                0x00000000000025e4      0x447 ./User/fonts.o
                0x00000000000025e4                MicroSquare27x32
 *fill*         0x0000000000002a2b        0x1 
 .rodata.Display_thread.str1.4
                0x0000000000002a2c       0x14 ./User/main.o
 .rodata.button1Checker_thread.str1.4
                0x0000000000002a40        0x6 ./User/main.o
 *fill*         0x0000000000002a46        0x2 
 .rodata.button2Checker_thread.str1.4
                0x0000000000002a48        0x8 ./User/main.o
 .rodata._svfprintf_r.str1.4
                0x0000000000002a50       0x13 /home/max/WCH/MounRiver_Studio_Community_Linux_x64_V180/MRS_Community/toolchain/RISC-V Embedded GCC/bin/../lib/gcc/riscv-none-embed/8.2.0/../../../../riscv-none-embed/lib/rv32ec/ilp32e/libg_nano.a(lib_a-nano-svfprintf.o)
 *fill*         0x0000000000002a63        0x1 
 .rodata._printf_i.str1.4
                0x0000000000002a64       0x28 /home/max/WCH/MounRiver_Studio_Community_Linux_x64_V180/MRS_Community/toolchain/RISC-V Embedded GCC/bin/../lib/gcc/riscv-none-embed/8.2.0/../../../../riscv-none-embed/lib/rv32ec/ilp32e/libg_nano.a(lib_a-nano-vfprintf_i.o)
                                         0x25 (size before relaxing)
 *(.gnu.linkonce.t.*)
                0x0000000000002a8c                . = ALIGN (0x4)

.rela.dyn       0x0000000000002a8c        0x0
 .rela.init     0x0000000000002a8c        0x0 ./User/ULWOS2.o
 .rela.text.handle_reset
                0x0000000000002a8c        0x0 ./User/ULWOS2.o
 .rela.text._sbrk
                0x0000000000002a8c        0x0 ./User/ULWOS2.o
 .rela.data.curbrk.4074
                0x0000000000002a8c        0x0 ./User/ULWOS2.o
 .rela.data.impure_data
                0x0000000000002a8c        0x0 ./User/ULWOS2.o
 .rela.text._svfprintf_r
                0x0000000000002a8c        0x0 ./User/ULWOS2.o
 .rela.text._sbrk_r
                0x0000000000002a8c        0x0 ./User/ULWOS2.o

.fini           0x0000000000002a8c        0x0
 *(SORT_NONE(.fini))
                0x0000000000002a8c                . = ALIGN (0x4)
                [!provide]                        PROVIDE (_etext = .)
                [!provide]                        PROVIDE (_eitcm = .)

.preinit_array  0x0000000000002a8c        0x0
                [!provide]                        PROVIDE (__preinit_array_start = .)
 *(.preinit_array)
                [!provide]                        PROVIDE (__preinit_array_end = .)

.init_array     0x0000000000002a8c        0x0
                [!provide]                        PROVIDE (__init_array_start = .)
 *(SORT_BY_INIT_PRIORITY(.init_array.*) SORT_BY_INIT_PRIORITY(.ctors.*))
 *(.init_array EXCLUDE_FILE(*crtend?.o *crtend.o *crtbegin?.o *crtbegin.o) .ctors)
                [!provide]                        PROVIDE (__init_array_end = .)

.fini_array     0x0000000000002a8c        0x0
                [!provide]                        PROVIDE (__fini_array_start = .)
 *(SORT_BY_INIT_PRIORITY(.fini_array.*) SORT_BY_INIT_PRIORITY(.dtors.*))
 *(.fini_array EXCLUDE_FILE(*crtend?.o *crtend.o *crtbegin?.o *crtbegin.o) .dtors)
                [!provide]                        PROVIDE (__fini_array_end = .)

.ctors
 *crtbegin.o(.ctors)
 *crtbegin?.o(.ctors)
 *(EXCLUDE_FILE(*crtend?.o *crtend.o) .ctors)
 *(SORT_BY_NAME(.ctors.*))
 *(.ctors)

.dtors
 *crtbegin.o(.dtors)
 *crtbegin?.o(.dtors)
 *(EXCLUDE_FILE(*crtend?.o *crtend.o) .dtors)
 *(SORT_BY_NAME(.dtors.*))
 *(.dtors)

.dalign         0x0000000020000000        0x0 load address 0x0000000000002a8c
                0x0000000020000000                . = ALIGN (0x4)
                0x0000000020000000                PROVIDE (_data_vma = .)

.dlalign        0x0000000000002a8c        0x0
                0x0000000000002a8c                . = ALIGN (0x4)
                0x0000000000002a8c                PROVIDE (_data_lma = .)

.data           0x0000000020000000       0xb8 load address 0x0000000000002a8c
                0x0000000020000000                . = ALIGN (0x4)
 *(.gnu.linkonce.r.*)
 *(.data .data.*)
 .data.lastState.4209
                0x0000000020000000        0x1 ./User/main.o
 .data.lastState.4223
                0x0000000020000001        0x1 ./User/main.o
 *fill*         0x0000000020000002        0x2 
 .data.longPressMin
                0x0000000020000004        0x4 ./User/main.o
                0x0000000020000004                longPressMin
 .data.min_timeout
                0x0000000020000008        0x4 ./User/main.o
                0x0000000020000008                min_timeout
 .data.seconds  0x000000002000000c        0x1 ./User/main.o
                0x000000002000000c                seconds
 *fill*         0x000000002000000d        0x3 
 .data.shortPressMin
                0x0000000020000010        0x4 ./User/main.o
                0x0000000020000010                shortPressMin
 .data.AHBPrescTable
                0x0000000020000014       0x10 ./User/system_ch32v00x.o
                0x0000000020000014                AHBPrescTable
 .data.SystemCoreClock
                0x0000000020000024        0x4 ./User/system_ch32v00x.o
                0x0000000020000024                SystemCoreClock
 .data.ADCPrescTable
                0x0000000020000028       0x14 ./Peripheral/src/ch32v00x_rcc.o
 .data.APBAHBPrescTable
                0x000000002000003c       0x10 ./Peripheral/src/ch32v00x_rcc.o
 .data.curbrk.4074
                0x000000002000004c        0x4 ./Debug/debug.o
 .data.impure_data
                0x0000000020000050       0x60 /home/max/WCH/MounRiver_Studio_Community_Linux_x64_V180/MRS_Community/toolchain/RISC-V Embedded GCC/bin/../lib/gcc/riscv-none-embed/8.2.0/../../../../riscv-none-embed/lib/rv32ec/ilp32e/libg_nano.a(lib_a-impure.o)
 *(.gnu.linkonce.d.*)
                0x00000000200000b0                . = ALIGN (0x8)
                0x00000000200008b0                PROVIDE (__global_pointer$ = (. + 0x800))
 *(.sdata .sdata.*)
 .sdata._impure_ptr
                0x00000000200000b0        0x4 /home/max/WCH/MounRiver_Studio_Community_Linux_x64_V180/MRS_Community/toolchain/RISC-V Embedded GCC/bin/../lib/gcc/riscv-none-embed/8.2.0/../../../../riscv-none-embed/lib/rv32ec/ilp32e/libg_nano.a(lib_a-impure.o)
                0x00000000200000b0                _impure_ptr
 *(.sdata2*)
 *(.gnu.linkonce.s.*)
                0x00000000200000b8                . = ALIGN (0x8)
 *fill*         0x00000000200000b4        0x4 
 *(.srodata.cst16)
 *(.srodata.cst8)
 *(.srodata.cst4)
 *(.srodata.cst2)
 *(.srodata .srodata.*)
                0x00000000200000b8                . = ALIGN (0x4)
                0x00000000200000b8                PROVIDE (_edata = .)

.bss            0x00000000200000b8      0x2c8 load address 0x0000000000002b44
                0x00000000200000b8                . = ALIGN (0x4)
                0x00000000200000b8                PROVIDE (_sbss = .)
 *(.sbss*)
 .sbss.__malloc_free_list
                0x00000000200000b8        0x4 /home/max/WCH/MounRiver_Studio_Community_Linux_x64_V180/MRS_Community/toolchain/RISC-V Embedded GCC/bin/../lib/gcc/riscv-none-embed/8.2.0/../../../../riscv-none-embed/lib/rv32ec/ilp32e/libg_nano.a(lib_a-nano-mallocr.o)
                0x00000000200000b8                __malloc_free_list
 .sbss.__malloc_sbrk_start
                0x00000000200000bc        0x4 /home/max/WCH/MounRiver_Studio_Community_Linux_x64_V180/MRS_Community/toolchain/RISC-V Embedded GCC/bin/../lib/gcc/riscv-none-embed/8.2.0/../../../../riscv-none-embed/lib/rv32ec/ilp32e/libg_nano.a(lib_a-nano-mallocr.o)
                0x00000000200000bc                __malloc_sbrk_start
 *(.gnu.linkonce.sb.*)
 *(.bss*)
 .bss.ULWOS2_tempPointer
                0x00000000200000c0        0x4 ./User/ULWOS2.o
                0x00000000200000c0                ULWOS2_tempPointer
 .bss.currentTCB
                0x00000000200000c4        0x4 ./User/ULWOS2.o
 .bss.head      0x00000000200000c8        0x4 ./User/ULWOS2.o
 .bss.invalidateThreadPriorityQueue
                0x00000000200000cc        0x1 ./User/ULWOS2.o
 *fill*         0x00000000200000cd        0x3 
 .bss.millis    0x00000000200000d0        0x4 ./User/ch32v00x_it.o
                0x00000000200000d0                millis
 .bss.ULWOS2_tcb.4180
                0x00000000200000d4       0x18 ./User/main.o
 .bss.ULWOS2_tcb.4191
                0x00000000200000ec       0x18 ./User/main.o
 .bss.ULWOS2_tcb.4200
                0x0000000020000104       0x18 ./User/main.o
 .bss.ULWOS2_tcb.4211
                0x000000002000011c       0x18 ./User/main.o
 .bss.ULWOS2_tcb.4225
                0x0000000020000134       0x18 ./User/main.o
 .bss.i         0x000000002000014c        0x1 ./User/main.o
                0x000000002000014c                i
 .bss.minutes   0x000000002000014d        0x1 ./User/main.o
                0x000000002000014d                minutes
 .bss.setting_status
                0x000000002000014e        0x1 ./User/main.o
                0x000000002000014e                setting_status
 *fill*         0x000000002000014f        0x1 
 .bss.str       0x0000000020000150       0x14 ./User/main.o
                0x0000000020000150                str
 .bss.timeCapture.4210
                0x0000000020000164        0x4 ./User/main.o
 .bss.timeCapture.4224
                0x0000000020000168        0x4 ./User/main.o
 .bss.timer_status
                0x000000002000016c        0x1 ./User/main.o
                0x000000002000016c                timer_status
 *fill*         0x000000002000016d        0x3 
 .bss.SSD1306   0x0000000020000170        0x6 ./User/oled_display.o
 *fill*         0x0000000020000176        0x2 
 .bss.SSD1306_Buffer
                0x0000000020000178      0x200 ./User/oled_display.o
 .bss.NVIC_Priority_Group
                0x0000000020000378        0x4 ./Peripheral/src/ch32v00x_misc.o
                0x0000000020000378                NVIC_Priority_Group
 *(.gnu.linkonce.b.*)
 *(COMMON*)
 COMMON         0x000000002000037c        0x4 /home/max/WCH/MounRiver_Studio_Community_Linux_x64_V180/MRS_Community/toolchain/RISC-V Embedded GCC/bin/../lib/gcc/riscv-none-embed/8.2.0/../../../../riscv-none-embed/lib/rv32ec/ilp32e/libg_nano.a(lib_a-reent.o)
                0x000000002000037c                errno
                0x0000000020000380                . = ALIGN (0x4)
                0x0000000020000380                PROVIDE (_ebss = .)
                0x0000000020000380                PROVIDE (_end = _ebss)
                [!provide]                        PROVIDE (end = .)

.stack          0x0000000020000700      0x100
                0x0000000020000700                PROVIDE (_heap_end = .)
                0x0000000020000700                . = ALIGN (0x4)
                [!provide]                        PROVIDE (_susrstack = .)
                0x0000000020000800                . = (. + __stack_size)
 *fill*         0x0000000020000700      0x100 
                0x0000000020000800                PROVIDE (_eusrstack = .)
OUTPUT(CH32V003F4P6_ULWOS2.elf elf32-littleriscv)

.debug_info     0x0000000000000000     0xbddf
 .debug_info    0x0000000000000000      0x4b8 ./User/ULWOS2.o
 .debug_info    0x00000000000004b8      0x97a ./User/ULWOS2_HAL.o
 .debug_info    0x0000000000000e32      0x9ee ./User/ch32v00x_it.o
 .debug_info    0x0000000000001820       0xc5 ./User/fonts.o
 .debug_info    0x00000000000018e5     0x1a28 ./User/main.o
 .debug_info    0x000000000000330d     0x1515 ./User/oled_display.o
 .debug_info    0x0000000000004822      0xc94 ./User/system_ch32v00x.o
 .debug_info    0x00000000000054b6       0x22 ./Startup/startup_ch32v00x.o
 .debug_info    0x00000000000054d8     0x1481 ./Peripheral/src/ch32v00x_flash.o
 .debug_info    0x0000000000006959     0x1034 ./Peripheral/src/ch32v00x_gpio.o
 .debug_info    0x000000000000798d     0x1417 ./Peripheral/src/ch32v00x_i2c.o
 .debug_info    0x0000000000008da4      0xdca ./Peripheral/src/ch32v00x_misc.o
 .debug_info    0x0000000000009b6e     0x108c ./Peripheral/src/ch32v00x_rcc.o
 .debug_info    0x000000000000abfa     0x11e5 ./Debug/debug.o

.debug_abbrev   0x0000000000000000     0x2545
 .debug_abbrev  0x0000000000000000      0x227 ./User/ULWOS2.o
 .debug_abbrev  0x0000000000000227      0x1f1 ./User/ULWOS2_HAL.o
 .debug_abbrev  0x0000000000000418      0x1e9 ./User/ch32v00x_it.o
 .debug_abbrev  0x0000000000000601       0x6c ./User/fonts.o
 .debug_abbrev  0x000000000000066d      0x316 ./User/main.o
 .debug_abbrev  0x0000000000000983      0x433 ./User/oled_display.o
 .debug_abbrev  0x0000000000000db6      0x2ee ./User/system_ch32v00x.o
 .debug_abbrev  0x00000000000010a4       0x12 ./Startup/startup_ch32v00x.o
 .debug_abbrev  0x00000000000010b6      0x3fa ./Peripheral/src/ch32v00x_flash.o
 .debug_abbrev  0x00000000000014b0      0x309 ./Peripheral/src/ch32v00x_gpio.o
 .debug_abbrev  0x00000000000017b9      0x3a7 ./Peripheral/src/ch32v00x_i2c.o
 .debug_abbrev  0x0000000000001b60      0x2ea ./Peripheral/src/ch32v00x_misc.o
 .debug_abbrev  0x0000000000001e4a      0x389 ./Peripheral/src/ch32v00x_rcc.o
 .debug_abbrev  0x00000000000021d3      0x372 ./Debug/debug.o

.debug_loc      0x0000000000000000     0x2712
 .debug_loc     0x0000000000000000      0x183 ./User/ULWOS2.o
 .debug_loc     0x0000000000000183       0x88 ./User/main.o
 .debug_loc     0x000000000000020b      0x578 ./User/oled_display.o
 .debug_loc     0x0000000000000783       0x55 ./User/system_ch32v00x.o
 .debug_loc     0x00000000000007d8      0xad0 ./Peripheral/src/ch32v00x_flash.o
 .debug_loc     0x00000000000012a8      0x5e2 ./Peripheral/src/ch32v00x_gpio.o
 .debug_loc     0x000000000000188a      0x720 ./Peripheral/src/ch32v00x_i2c.o
 .debug_loc     0x0000000000001faa       0x2d ./Peripheral/src/ch32v00x_misc.o
 .debug_loc     0x0000000000001fd7      0x5e3 ./Peripheral/src/ch32v00x_rcc.o
 .debug_loc     0x00000000000025ba      0x158 ./Debug/debug.o

.debug_aranges  0x0000000000000000      0x608
 .debug_aranges
                0x0000000000000000       0x60 ./User/ULWOS2.o
 .debug_aranges
                0x0000000000000060       0x20 ./User/ULWOS2_HAL.o
 .debug_aranges
                0x0000000000000080       0x30 ./User/ch32v00x_it.o
 .debug_aranges
                0x00000000000000b0       0x18 ./User/fonts.o
 .debug_aranges
                0x00000000000000c8       0x60 ./User/main.o
 .debug_aranges
                0x0000000000000128       0x88 ./User/oled_display.o
 .debug_aranges
                0x00000000000001b0       0x28 ./User/system_ch32v00x.o
 .debug_aranges
                0x00000000000001d8       0x30 ./Startup/startup_ch32v00x.o
 .debug_aranges
                0x0000000000000208      0x110 ./Peripheral/src/ch32v00x_flash.o
 .debug_aranges
                0x0000000000000318       0x98 ./Peripheral/src/ch32v00x_gpio.o
 .debug_aranges
                0x00000000000003b0      0x108 ./Peripheral/src/ch32v00x_i2c.o
 .debug_aranges
                0x00000000000004b8       0x28 ./Peripheral/src/ch32v00x_misc.o
 .debug_aranges
                0x00000000000004e0       0xe0 ./Peripheral/src/ch32v00x_rcc.o
 .debug_aranges
                0x00000000000005c0       0x48 ./Debug/debug.o

.debug_ranges   0x0000000000000000      0x660
 .debug_ranges  0x0000000000000000       0x68 ./User/ULWOS2.o
 .debug_ranges  0x0000000000000068       0x10 ./User/ULWOS2_HAL.o
 .debug_ranges  0x0000000000000078       0x20 ./User/ch32v00x_it.o
 .debug_ranges  0x0000000000000098       0x80 ./User/main.o
 .debug_ranges  0x0000000000000118      0x100 ./User/oled_display.o
 .debug_ranges  0x0000000000000218       0x50 ./User/system_ch32v00x.o
 .debug_ranges  0x0000000000000268       0x28 ./Startup/startup_ch32v00x.o
 .debug_ranges  0x0000000000000290      0x100 ./Peripheral/src/ch32v00x_flash.o
 .debug_ranges  0x0000000000000390       0x88 ./Peripheral/src/ch32v00x_gpio.o
 .debug_ranges  0x0000000000000418       0xf8 ./Peripheral/src/ch32v00x_i2c.o
 .debug_ranges  0x0000000000000510       0x48 ./Peripheral/src/ch32v00x_misc.o
 .debug_ranges  0x0000000000000558       0xd0 ./Peripheral/src/ch32v00x_rcc.o
 .debug_ranges  0x0000000000000628       0x38 ./Debug/debug.o

.debug_line     0x0000000000000000     0x8cab
 .debug_line    0x0000000000000000      0x950 ./User/ULWOS2.o
 .debug_line    0x0000000000000950      0x2ea ./User/ULWOS2_HAL.o
 .debug_line    0x0000000000000c3a      0x341 ./User/ch32v00x_it.o
 .debug_line    0x0000000000000f7b      0x1a1 ./User/fonts.o
 .debug_line    0x000000000000111c     0x13b7 ./User/main.o
 .debug_line    0x00000000000024d3      0xbb7 ./User/oled_display.o
 .debug_line    0x000000000000308a      0x756 ./User/system_ch32v00x.o
 .debug_line    0x00000000000037e0      0x112 ./Startup/startup_ch32v00x.o
 .debug_line    0x00000000000038f2     0x1caf ./Peripheral/src/ch32v00x_flash.o
 .debug_line    0x00000000000055a1      0xc7d ./Peripheral/src/ch32v00x_gpio.o
 .debug_line    0x000000000000621e     0x1104 ./Peripheral/src/ch32v00x_i2c.o
 .debug_line    0x0000000000007322      0x45d ./Peripheral/src/ch32v00x_misc.o
 .debug_line    0x000000000000777f      0xe84 ./Peripheral/src/ch32v00x_rcc.o
 .debug_line    0x0000000000008603      0x6a8 ./Debug/debug.o

.debug_str      0x0000000000000000     0x214c
 .debug_str     0x0000000000000000      0x43e ./User/ULWOS2.o
                                        0x49f (size before relaxing)
 .debug_str     0x000000000000043e      0x3f6 ./User/ULWOS2_HAL.o
                                        0x5c4 (size before relaxing)
 .debug_str     0x0000000000000834       0x65 ./User/ch32v00x_it.o
                                        0x5f1 (size before relaxing)
 .debug_str     0x0000000000000899       0x32 ./User/fonts.o
                                        0x1b6 (size before relaxing)
 .debug_str     0x00000000000008cb      0x696 ./User/main.o
                                        0xe34 (size before relaxing)
 .debug_str     0x0000000000000f61      0x1a4 ./User/oled_display.o
                                        0x89c (size before relaxing)
 .debug_str     0x0000000000001105      0x12c ./User/system_ch32v00x.o
                                        0x746 (size before relaxing)
 .debug_str     0x0000000000001231       0x2a ./Startup/startup_ch32v00x.o
                                         0x64 (size before relaxing)
 .debug_str     0x000000000000125b      0x412 ./Peripheral/src/ch32v00x_flash.o
                                        0xab3 (size before relaxing)
 .debug_str     0x000000000000166d      0x1a6 ./Peripheral/src/ch32v00x_gpio.o
                                        0x941 (size before relaxing)
 .debug_str     0x0000000000001813      0x315 ./Peripheral/src/ch32v00x_i2c.o
                                        0xab0 (size before relaxing)
 .debug_str     0x0000000000001b28      0x2d3 ./Peripheral/src/ch32v00x_misc.o
                                        0x909 (size before relaxing)
 .debug_str     0x0000000000001dfb      0x210 ./Peripheral/src/ch32v00x_rcc.o
                                        0x9af (size before relaxing)
 .debug_str     0x000000000000200b      0x141 ./Debug/debug.o
                                        0xaf2 (size before relaxing)

.comment        0x0000000000000000       0x33
 .comment       0x0000000000000000       0x33 ./User/ULWOS2.o
                                         0x34 (size before relaxing)
 .comment       0x0000000000000033       0x34 ./User/ULWOS2_HAL.o
 .comment       0x0000000000000033       0x34 ./User/ch32v00x_it.o
 .comment       0x0000000000000033       0x34 ./User/fonts.o
 .comment       0x0000000000000033       0x34 ./User/main.o
 .comment       0x0000000000000033       0x34 ./User/oled_display.o
 .comment       0x0000000000000033       0x34 ./User/system_ch32v00x.o
 .comment       0x0000000000000033       0x34 ./Peripheral/src/ch32v00x_flash.o
 .comment       0x0000000000000033       0x34 ./Peripheral/src/ch32v00x_gpio.o
 .comment       0x0000000000000033       0x34 ./Peripheral/src/ch32v00x_i2c.o
 .comment       0x0000000000000033       0x34 ./Peripheral/src/ch32v00x_misc.o
 .comment       0x0000000000000033       0x34 ./Peripheral/src/ch32v00x_rcc.o
 .comment       0x0000000000000033       0x34 ./Debug/debug.o

.debug_frame    0x0000000000000000     0x1140
 .debug_frame   0x0000000000000000       0xe0 ./User/ULWOS2.o
 .debug_frame   0x00000000000000e0       0x2c ./User/ULWOS2_HAL.o
 .debug_frame   0x000000000000010c       0x40 ./User/ch32v00x_it.o
 .debug_frame   0x000000000000014c      0x144 ./User/main.o
 .debug_frame   0x0000000000000290      0x180 ./User/oled_display.o
 .debug_frame   0x0000000000000410       0x58 ./User/system_ch32v00x.o
 .debug_frame   0x0000000000000468      0x324 ./Peripheral/src/ch32v00x_flash.o
 .debug_frame   0x000000000000078c      0x154 ./Peripheral/src/ch32v00x_gpio.o
 .debug_frame   0x00000000000008e0      0x254 ./Peripheral/src/ch32v00x_i2c.o
 .debug_frame   0x0000000000000b34       0x30 ./Peripheral/src/ch32v00x_misc.o
 .debug_frame   0x0000000000000b64      0x1dc ./Peripheral/src/ch32v00x_rcc.o
 .debug_frame   0x0000000000000d40       0xa8 ./Debug/debug.o
 .debug_frame   0x0000000000000de8       0x48 /home/max/WCH/MounRiver_Studio_Community_Linux_x64_V180/MRS_Community/toolchain/RISC-V Embedded GCC/bin/../lib/gcc/riscv-none-embed/8.2.0/../../../../riscv-none-embed/lib/rv32ec/ilp32e/libg_nano.a(lib_a-sprintf.o)
 .debug_frame   0x0000000000000e30       0x20 /home/max/WCH/MounRiver_Studio_Community_Linux_x64_V180/MRS_Community/toolchain/RISC-V Embedded GCC/bin/../lib/gcc/riscv-none-embed/8.2.0/../../../../riscv-none-embed/lib/rv32ec/ilp32e/libg_nano.a(lib_a-strcpy.o)
 .debug_frame   0x0000000000000e50       0x84 /home/max/WCH/MounRiver_Studio_Community_Linux_x64_V180/MRS_Community/toolchain/RISC-V Embedded GCC/bin/../lib/gcc/riscv-none-embed/8.2.0/../../../../riscv-none-embed/lib/rv32ec/ilp32e/libg_nano.a(lib_a-nano-svfprintf.o)
 .debug_frame   0x0000000000000ed4       0x60 /home/max/WCH/MounRiver_Studio_Community_Linux_x64_V180/MRS_Community/toolchain/RISC-V Embedded GCC/bin/../lib/gcc/riscv-none-embed/8.2.0/../../../../riscv-none-embed/lib/rv32ec/ilp32e/libg_nano.a(lib_a-nano-vfprintf_i.o)
 .debug_frame   0x0000000000000f34       0x20 /home/max/WCH/MounRiver_Studio_Community_Linux_x64_V180/MRS_Community/toolchain/RISC-V Embedded GCC/bin/../lib/gcc/riscv-none-embed/8.2.0/../../../../riscv-none-embed/lib/rv32ec/ilp32e/libg_nano.a(lib_a-memchr.o)
 .debug_frame   0x0000000000000f54       0x38 /home/max/WCH/MounRiver_Studio_Community_Linux_x64_V180/MRS_Community/toolchain/RISC-V Embedded GCC/bin/../lib/gcc/riscv-none-embed/8.2.0/../../../../riscv-none-embed/lib/rv32ec/ilp32e/libg_nano.a(lib_a-memcpy.o)
 .debug_frame   0x0000000000000f8c       0x20 /home/max/WCH/MounRiver_Studio_Community_Linux_x64_V180/MRS_Community/toolchain/RISC-V Embedded GCC/bin/../lib/gcc/riscv-none-embed/8.2.0/../../../../riscv-none-embed/lib/rv32ec/ilp32e/libg_nano.a(lib_a-memmove.o)
 .debug_frame   0x0000000000000fac       0x40 /home/max/WCH/MounRiver_Studio_Community_Linux_x64_V180/MRS_Community/toolchain/RISC-V Embedded GCC/bin/../lib/gcc/riscv-none-embed/8.2.0/../../../../riscv-none-embed/lib/rv32ec/ilp32e/libg_nano.a(lib_a-nano-freer.o)
 .debug_frame   0x0000000000000fec       0x38 /home/max/WCH/MounRiver_Studio_Community_Linux_x64_V180/MRS_Community/toolchain/RISC-V Embedded GCC/bin/../lib/gcc/riscv-none-embed/8.2.0/../../../../riscv-none-embed/lib/rv32ec/ilp32e/libg_nano.a(lib_a-nano-mallocr.o)
 .debug_frame   0x0000000000001024       0x38 /home/max/WCH/MounRiver_Studio_Community_Linux_x64_V180/MRS_Community/toolchain/RISC-V Embedded GCC/bin/../lib/gcc/riscv-none-embed/8.2.0/../../../../riscv-none-embed/lib/rv32ec/ilp32e/libg_nano.a(lib_a-nano-reallocr.o)
 .debug_frame   0x000000000000105c       0x30 /home/max/WCH/MounRiver_Studio_Community_Linux_x64_V180/MRS_Community/toolchain/RISC-V Embedded GCC/bin/../lib/gcc/riscv-none-embed/8.2.0/../../../../riscv-none-embed/lib/rv32ec/ilp32e/libg_nano.a(lib_a-sbrkr.o)
 .debug_frame   0x000000000000108c       0x30 /home/max/WCH/MounRiver_Studio_Community_Linux_x64_V180/MRS_Community/toolchain/RISC-V Embedded GCC/bin/../lib/gcc/riscv-none-embed/8.2.0/../../../../riscv-none-embed/lib/rv32ec/ilp32e/libg_nano.a(lib_a-mlock.o)
 .debug_frame   0x00000000000010bc       0x20 /home/max/WCH/MounRiver_Studio_Community_Linux_x64_V180/MRS_Community/toolchain/RISC-V Embedded GCC/bin/../lib/gcc/riscv-none-embed/8.2.0/../../../../riscv-none-embed/lib/rv32ec/ilp32e/libg_nano.a(lib_a-nano-msizer.o)
 .debug_frame   0x00000000000010dc       0x64 /home/max/WCH/MounRiver_Studio_Community_Linux_x64_V180/MRS_Community/toolchain/RISC-V Embedded GCC/bin/../lib/gcc/riscv-none-embed/8.2.0/../../../../riscv-none-embed/lib/rv32ec/ilp32e/libg_nano.a(lib_a-reent.o)
